[www.booksrilankataxi.com/index.html]
[backblue.gif]
[fade.gif]
[index.html]
[www.booksrilankataxi.com/favicon.ico]
[www.booksrilankataxi.com/css/style.css]
[www.booksrilankataxi.com/css/animation.css]
[cdnjs.cloudflare.com/ajax/libs/font-awesome/6.5.1/css/all.min.css]
[res.cloudinary.com/dhnw7pzb9/image/upload/v1742549835/IMG_2100_1_inuhhx.png]
[res.cloudinary.com/dhnw7pzb9/image/upload/v1739952941/booksrilankataxi/dvnlelpvp04tbhomi09i.jpg]
[dxk1acp76n912.cloudfront.net/images/bonus.jpg]
[www.booksrilankataxi.com/contact-booksrilankataxi/index.html]
[www.booksrilankataxi.com/travel-welcome-bonus/index.html]
[www.booksrilankataxi.com/terms-and-conditions/index.html]
[dxk1acp76n912.cloudfront.net/images/sim.jpg]
[www.booksrilankataxi.com/free-tourist-sim-card-sri-lanka/index.html]
[res.cloudinary.com/dhnw7pzb9/image/upload/q_auto_eco,f_auto/v1741765187/Yala_safari_1_p8hqut.jpg]
[www.booksrilankataxi.com/yala-safari/index.html]
[res.cloudinary.com/dhnw7pzb9/image/upload/q_auto_eco,f_auto/v1741768211/udawalawa_safari_y4qh5z.jpg]
[res.cloudinary.com/dhnw7pzb9/image/upload/q_auto_eco,f_auto/v1741768401/snorkeling_h5qgyb.jpg]
[www.booksrilankataxi.com/udawalawe-safari/index.html]
[res.cloudinary.com/dhnw7pzb9/image/upload/q_auto_eco,f_auto/v1741768530/dkof0yskn0i0e9hn9myb_btt5g2.jpg]
[res.cloudinary.com/dhnw7pzb9/image/upload/v1742292214/WhatsApp_Image_2025-03-18_at_2.18.03_PM_3_eftiii.jpg]
[www.booksrilankataxi.com/whale-watching-mirissa/index.html]
[www.booksrilankataxi.com/snorkeling-hikkaduwa/index.html]
[www.booksrilankataxi.com/surfing-arugam-bay/index.html]
[res.cloudinary.com/dhnw7pzb9/image/upload/v1742292269/WhatsApp_Image_2025-03-18_at_2.18.03_PM_2_jeu8ff.jpg]
[res.cloudinary.com/dhnw7pzb9/image/upload/v1742292347/WhatsApp_Image_2025-03-18_at_2.18.03_PM_lf1ks6.jpg]
[res.cloudinary.com/dhnw7pzb9/image/upload/v1742292308/WhatsApp_Image_2025-03-18_at_2.18.03_PM_1_koymfs.jpg]
[www.booksrilankataxi.com/bentota-river-safari/index.html]
[res.cloudinary.com/dhnw7pzb9/image/upload/v1742292456/WhatsApp_Image_2025-03-18_at_2.18.04_PM_mxckfa.jpg]
[res.cloudinary.com/dhnw7pzb9/image/upload/v1745207808/Main_Point_Surf_Break_e1edvq.jpg]
[res.cloudinary.com/dhnw7pzb9/image/upload/v1745552511/Untitled_design_27_1_yg90pi.png]
[res.cloudinary.com/dhnw7pzb9/image/upload/v1744949983/trincomalee_banner_image_g5h1qe.jpg]
[res.cloudinary.com/dhnw7pzb9/image/upload/v1743562928/Anuradhapura_banner_image_1_ybcy7w.jpg]
[res.cloudinary.com/dhnw7pzb9/image/upload/q_auto_eco,f_auto/v1741769350/1_nuwar_eliya_header_inrqor.jpg]
[res.cloudinary.com/dhnw7pzb9/image/upload/v1741776883/2_sigiriya_header_py6r4l.jpg]
[res.cloudinary.com/dhnw7pzb9/image/upload/q_auto_eco,f_auto/v1741769808/Nine_arches_bridge_1_tn9d2y.jpg]
[res.cloudinary.com/dhnw7pzb9/image/upload/v1743575786/Kandy_Lake_1_exk5lh.jpg]
[res.cloudinary.com/dhnw7pzb9/image/upload/v1743672735/Lotus_Tower_w0rrj0.jpg]
[res.cloudinary.com/dhnw7pzb9/image/upload/v1744002526/2_zzxxml.png]
[www.booksrilankataxi.com/sri-lanka-tourist-destinations/index.html]
[res.cloudinary.com/dhnw7pzb9/image/upload/v1740111813/yala-slider1-1_i1jpkj.jpg]
[res.cloudinary.com/dhnw7pzb9/image/upload/v1744106704/dambulla_h02hqm.jpg]
[res.cloudinary.com/dhnw7pzb9/image/upload/v1744108664/koneshwaram_hm10lr.jpg]
[www.booksrilankataxi.com/things-do-in-mirissa-sri-lanka/index.html]
[www.booksrilankataxi.com/things-do-in-galle-sri-lanka/index.html]
[www.booksrilankataxi.com/things-do-in-bentota-sri-lanka/index.html]
[res.cloudinary.com/dhnw7pzb9/image/upload/v1741776705/tea_plantation_1_pidbbd.jpg]
[www.booksrilankataxi.com/things-do-in-dambulla-sri-lanka/index.html]
[res.cloudinary.com/dhnw7pzb9/image/upload/v1745467968/Untitled_design_4_1_zyhms3.png]
[www.booksrilankataxi.com/things-do-in-udawalawa-sri-lanka/index.html]
[www.booksrilankataxi.com/things-do-in-colombo-sri-lanka/index.html]
[www.booksrilankataxi.com/things-do-in-polonnaruwa-sri-lanka/index.html]
[res.cloudinary.com/dhnw7pzb9/image/upload/v1744951689/koneshwaram_1_k9akfs.jpg]
[www.booksrilankataxi.com/things-do-in-batticaloa-sri-lanka/index.html]
[res.cloudinary.com/dhnw7pzb9/image/upload/v1745911795/Untitled_design_52_2_hzt7js.png]
[res.cloudinary.com/dhnw7pzb9/image/upload/v1745472195/Untitled_design_12_1_jm9glb.png]
[www.booksrilankataxi.com/things-do-in-tangalle-sri-lanka/index.html]
[res.cloudinary.com/dhnw7pzb9/image/upload/v1745468259/Untitled_design_5_1_kqv6nv.png]
[res.cloudinary.com/dhnw7pzb9/image/upload/v1745896234/Untitled_design_36_1_iw0aky.png]
[res.cloudinary.com/dhnw7pzb9/image/upload/v1745923296/Untitled_design_55_1_paatct.png]
[www.booksrilankataxi.com/things-do-in-jaffna-sri-lanka/index.html]
[www.booksrilankataxi.com/things-do-in-hikkaduwa-sri-lanka/index.html]
[www.booksrilankataxi.com/things-do-in-hiriketiya-sri-lanka/index.html]
[res.cloudinary.com/dhnw7pzb9/image/upload/v1745986212/Untitled_design_57_1_eihfmd.png]
[www.booksrilankataxi.com/cdn-cgi/l/email-protection.html]
[www.booksrilankataxi.com/things-do-in-haputale-sri-lanka/index.html]
[www.booksrilankataxi.com/things-do-in-belihuloya-sri-lanka/index.html]
[www.booksrilankataxi.com/index.html]
[www.booksrilankataxi.com/cdn-cgi/scripts/5c5dd728/cloudflare-static/email-decode.min.js]
[www.googletagmanager.com/gtm5445.html]
[www.booksrilankataxi.com/things-do-in-kalutara-sri-lanka/index.html]
[www.booksrilankataxi.com/things-do-in-ratnapura-sri-lanka/index.html]
[www.booksrilankataxi.com/things-do-in-negombo-sri-lanka/index.html]
[www.booksrilankataxi.com/tours/sri-lanka-tours/index.html]
[res.cloudinary.com/dhnw7pzb9/image/upload/v1742965957/watermarkwhite_gsxzae.png]
[www.booksrilankataxi.com/sri-lanka-adventure-activities/index.html]
[res.cloudinary.com/dhnw7pzb9/image/upload/v1742965662/waterma_lgv6hv.png]
[www.booksrilankataxi.com/best-vegetarian-restaurants-sri-lanka/index.html]
[www.booksrilankataxi.com/hindu-temples-in-sri-lanka/index.html]
[www.booksrilankataxi.com/css/style.css]
[www.booksrilankataxi.com/travel-to-sri-lanka-guide/index.html]
[www.booksrilankataxi.com/unique-wonders-of-sri-lanka-travel-guide/index.html]
[www.booksrilankataxi.com/css/animation.css]
[www.booksrilankataxi.com/popular-itineraries-sri-lanka/index.html]
[cdnjs.cloudflare.com/ajax/libs/font-awesome/6.5.1/css/all.min.css]
[www.booksrilankataxi.com/best-wildlife-safari-in-sri-lanka/index.html]
[www.booksrilankataxi.com/tea-plantation-tours-sri-lanka/index.html]
[www.booksrilankataxi.com/contact-booksrilankataxi/style.css]
[cdnjs.cloudflare.com/ajax/libs/intl-tel-input/17.0.19/css/intlTelInput.css]
[www.booksrilankataxi.com/contact-booksrilankataxi/index.html]
[cdnjs.cloudflare.com/ajax/libs/intl-tel-input/17.0.19/js/intlTelInput.min.js]
[www.booksrilankataxi.com/contact-booksrilankataxi/terms-and-conditions/index.html]
[www.booksrilankataxi.com/terms-and-conditions/terms.css]
[www.booksrilankataxi.com/terms-and-conditions/css/animation.30.delayed]
[www.booksrilankataxi.com/terms-and-conditions/index.html]
[www.booksrilankataxi.com/travel-welcome-bonus/style.css]
[www.booksrilankataxi.com/travel-welcome-bonus/index.html]
[cdnjs.cloudflare.com/ajax/libs/font-awesome/6.5.0/css/all.min.css]
[www.booksrilankataxi.com/free-tourist-sim-card-sri-lanka/index.html]
[www.booksrilankataxi.com/free-tourist-sim-card-sri-lanka/style.css]
[www.booksrilankataxi.com/travel-welcome-bonus/terms-and-conditions/index.html]
[www.booksrilankataxi.com/yala-safari/style.css]
[www.booksrilankataxi.com/free-tourist-sim-card-sri-lanka/terms-and-conditions/index.html]
[cdnjs.cloudflare.com/ajax/libs/gsap/3.5.0/gsap.min.js]
[res.cloudinary.com/dhnw7pzb9/image/upload/v1743049258/yala_animation_2_elmfbj.jpg]
[res.cloudinary.com/dhnw7pzb9/image/upload/v1743049248/Yala_animation1_fh3smo.jpg]
[res.cloudinary.com/dhnw7pzb9/image/upload/v1743053022/yala_package_cards_ulmpr5.jpg]
[res.cloudinary.com/dhnw7pzb9/image/upload/v1743053151/yala_package_card2_b6wgj0.jpg]
[res.cloudinary.com/dhnw7pzb9/image/upload/v1743053210/yala_package_card_3_voj8ap.jpg]
[www.booksrilankataxi.com/yala-safari/index.html]
[www.booksrilankataxi.com/udawalawe-safari/style.css]
[res.cloudinary.com/dhnw7pzb9/image/upload/v1743049163/Yala_Header_Box_epmute.jpg]
[res.cloudinary.com/dhnw7pzb9/image/upload/v1743068877/Udawalwe_animation1_tadt1h.jpg]
[www.booksrilankataxi.com/yala-safari/terms-and-conditions/index.html]
[res.cloudinary.com/dhnw7pzb9/image/upload/v1743069855/udawalawe_card_1_oviztn.jpg]
[www.booksrilankataxi.com/udawalawe-safari/index.html]
[www.booksrilankataxi.com/udawalawe-safari/terms-and-conditions/index.html]
[www.booksrilankataxi.com/whale-watching-mirissa/style.css]
[res.cloudinary.com/dhnw7pzb9/image/upload/v1743067531/whale_watching_uiylvj.jpg]
[res.cloudinary.com/dhnw7pzb9/image/upload/v1743067733/Whale_watching_Header_Box_1_j2gliu.jpg]
[res.cloudinary.com/dhnw7pzb9/image/upload/v1743068502/whale_card_1_aognpf.jpg]
[www.booksrilankataxi.com/whale-watching-mirissa/index.html]
[www.booksrilankataxi.com/whale-watching-mirissa/terms-and-conditions/index.html]
[www.booksrilankataxi.com/surfing-arugam-bay/style.css]
[res.cloudinary.com/dhnw7pzb9/image/upload/v1743070771/surfing_lessons_header_box_k92knz.jpg]
[res.cloudinary.com/dhnw7pzb9/image/upload/v1743397488/surfing_lesson_animation_x5rehk.jpg]
[res.cloudinary.com/dhnw7pzb9/image/upload/v1743397704/hit_the_surfe_ieeyaw.jpg]
[res.cloudinary.com/dhnw7pzb9/image/upload/v1743398765/elephant-4431234_1280_x9bnik.jpg]
[res.cloudinary.com/dhnw7pzb9/image/upload/v1743397957/chill_at_arugambay_beach_qwxutu.jpg]
[www.booksrilankataxi.com/surfing-arugam-bay/index.html]
[www.booksrilankataxi.com/surfing-arugam-bay/terms-and-conditions/index.html]
[www.booksrilankataxi.com/snorkeling-hikkaduwa/style.css]
[res.cloudinary.com/dhnw7pzb9/image/upload/v1743142643/Snorkeling_header_box_rkvd22.jpg]
[res.cloudinary.com/dhnw7pzb9/image/upload/v1743392332/snorkeling_animation_hbbjnb.jpg]
[res.cloudinary.com/dhnw7pzb9/image/upload/v1743398303/hikkaduwa_beach_u1mpyb.jpg]
[res.cloudinary.com/dhnw7pzb9/image/upload/v1743398385/hikka_coral_garden_spgnkf.jpg]
[res.cloudinary.com/dhnw7pzb9/image/upload/v1743398584/turtles_farm_rfn9b1.jpg]
[www.booksrilankataxi.com/snorkeling-hikkaduwa/index.html]
[www.booksrilankataxi.com/snorkeling-hikkaduwa/terms-and-conditions/index.html]
[www.booksrilankataxi.com/bentota-river-safari/style.css]
[res.cloudinary.com/dhnw7pzb9/image/upload/v1743074363/bentota_river_2_ciwhgo.jpg]
[res.cloudinary.com/dhnw7pzb9/image/upload/v1743135755/bentota_river_f4yarp.jpg]
[res.cloudinary.com/dhnw7pzb9/image/upload/v1743137112/bentota_river1_ynsw1f.jpg]
[www.booksrilankataxi.com/bentota-river-safari/index.html]
[www.booksrilankataxi.com/bentota-river-safari/terms-and-conditions/index.html]
[www.booksrilankataxi.com/sri-lanka-tourist-destinations/style.css]
[res.cloudinary.com/dhnw7pzb9/image/upload/q_auto_eco,f_auto/v1741768769/2_Galle_header_iu1emj.jpg]
[res.cloudinary.com/dhnw7pzb9/image/upload/q_auto_eco,f_auto/v1741769249/2_mirissa_header_2_cuxmry.jpg]
[res.cloudinary.com/dhnw7pzb9/image/upload/v1745228567/Bentota_Beach_t7twpb.jpg]
[res.cloudinary.com/dhnw7pzb9/image/upload/v1744947832/udawalawa_rei_jpgwjm.jpg]
[res.cloudinary.com/dhnw7pzb9/image/upload/v1743672330/colombo_banner_2_hka0rs.jpg]
[res.cloudinary.com/dhnw7pzb9/image/upload/v1743569328/polonaruwa_banner_image_tjqzse.jpg]
[res.cloudinary.com/dhnw7pzb9/image/upload/v1745293426/Batticaloa_Lighthouse_ccq5qu.png]
[res.cloudinary.com/dhnw7pzb9/image/upload/v1744960254/Tangalle_Beach_o6jr14.jpg]
[res.cloudinary.com/dhnw7pzb9/image/upload/v1745494120/Untitled_design_22_1_oqjlgt.png]
[res.cloudinary.com/dhnw7pzb9/image/upload/v1745296678/Hikkaduwa_Coral_Reef_q45uun.png]
[res.cloudinary.com/dhnw7pzb9/image/upload/v1745477331/Untitled_design_18_1_ygvkie.png]
[res.cloudinary.com/dhnw7pzb9/image/upload/v1745294429/Horton_Plains_National_Park_nhbfhe.png]
[res.cloudinary.com/dhnw7pzb9/image/upload/v1745297177/Adisham_Bungalow_lzxaif.png]
[res.cloudinary.com/dhnw7pzb9/image/upload/v1745299973/Kalutara_Bridge_qkabkt.jpg]
[res.cloudinary.com/dhnw7pzb9/image/upload/v1745301843/Negambo_Beach_amew16.png]
[res.cloudinary.com/dhnw7pzb9/image/upload/v1745307048/beautiful-blue-sapphire-gem-stone_j62x7e.jpg]
[dxk1acp76n912.cloudfront.net/images/colombo-sri-lanka.jpg]
[dxk1acp76n912.cloudfront.net/images/galle.jpg]
[dxk1acp76n912.cloudfront.net/images/kandy.jpg]
[dxk1acp76n912.cloudfront.net/images/nuwara-eliya.jpg]
[dxk1acp76n912.cloudfront.net/images/sigiriya.jpg]
[dxk1acp76n912.cloudfront.net/images/Polonnaruwa.jpg]
[www.booksrilankataxi.com/things-do-in-nuwara-eliya-sri-lanka/index.html]
[www.booksrilankataxi.com/things-do-in-kandy-sri-lanka/index.html]
[www.booksrilankataxi.com/things-do-in-sigiriya-sri-lanka/index.html]
[dxk1acp76n912.cloudfront.net/images/trincomalee.jpg]
[www.booksrilankataxi.com/things-do-in-anuradhapura-sri-lanka/index.html]
[dxk1acp76n912.cloudfront.net/images/arugam-bay.jpg]
[www.booksrilankataxi.com/things-do-in-trincomalee-sri-lanka/index.html]
[dxk1acp76n912.cloudfront.net/images/yala.jpg]
[www.booksrilankataxi.com/things-do-in-arugam-bay-sri-lanka/index.html]
[dxk1acp76n912.cloudfront.net/images/ella-train.jpg]
[www.booksrilankataxi.com/sri-lanka-tourist-destinations/index.html]
[www.booksrilankataxi.com/things-do-in-ella-sri-lanka/index.html]
[www.booksrilankataxi.com/sri-lanka-tourist-destinations/terms-and-conditions/index.html]
[www.booksrilankataxi.com/things-do-in-galle-sri-lanka/style.css]
[res.cloudinary.com/dhnw7pzb9/image/upload/q_auto_eco,f_auto/v1741770535/Dutch_fort_1_oelnsy.jpg]
[res.cloudinary.com/dhnw7pzb9/image/upload/c_crop,ar_1_1/v1743487278/Unawatuna_Beach_lkvzbj.jpg]
[res.cloudinary.com/dhnw7pzb9/image/upload/v1743487778/Jungle_Beach_xsftw2.jpg]
[res.cloudinary.com/dhnw7pzb9/image/upload/v1743488288/Japanese_Peace_Pagoda_1_vrrilk.jpg]
[res.cloudinary.com/dhnw7pzb9/image/upload/v1743488363/Galle_Lighthouse_1_ozeuvt.jpg]
[res.cloudinary.com/dhnw7pzb9/image/upload/v1743488514/Sea_Turtle_Hatchery_1_lcvtol.jpg]
[res.cloudinary.com/dhnw7pzb9/image/upload/v1743488601/Galle_National_Museum_ihvcxl.jpg]
[res.cloudinary.com/dhnw7pzb9/image/upload/v1743489148/Dutch_Reformed_Church_1_v4vpuc.jpg]
[res.cloudinary.com/dhnw7pzb9/image/upload/v1741668379/Jetwing-Galle-Heritage-Exterior-view-1200x810-2_mgi7wf.jpg]
[res.cloudinary.com/dhnw7pzb9/image/upload/v1741663446/kurulu-dine-2_bxesen.jpg]
[res.cloudinary.com/dhnw7pzb9/image/upload/v1741663742/4-1_wg4mbc.jpg]
[res.cloudinary.com/dhnw7pzb9/image/upload/v1741663932/SJP_8131-3243-pool_dbgwl1.jpg]
[res.cloudinary.com/dhnw7pzb9/image/upload/v1741664385/images-removebg-preview_nq4v88.png]
[res.cloudinary.com/dhnw7pzb9/image/upload/v1743671296/raddison_hotel_blue_hotel_1_1_s1qx0a.png]
[res.cloudinary.com/dhnw7pzb9/image/upload/v1743671112/raddison_hotel_blue_zwgu77.png]
[res.cloudinary.com/dhnw7pzb9/image/upload/v1743671520/gall-overview-1280_0007_Curves-8_ihh4dg.jpg]
[res.cloudinary.com/dhnw7pzb9/image/upload/v1743671578/fortress_resort_and_spa_logo_1_o4nt6q.png]
[res.cloudinary.com/dhnw7pzb9/image/upload/v1743671712/tamaring_hill_galle_kfvvad.png]
[res.cloudinary.com/dhnw7pzb9/image/upload/v1743671886/the_river_house_balapitiya_xku8mr.jpg]
[res.cloudinary.com/dhnw7pzb9/image/upload/v1743671882/the_river_house_balapitiya_logo_rvluwu.png]
[res.cloudinary.com/dhnw7pzb9/image/upload/v1746594981/lavandish_beach_unavatuna_ijh5bz_pqyyqd.png]
[res.cloudinary.com/dhnw7pzb9/image/upload/v1743672492/images__2_-removebg-preview_epx4go.png]
[www.booksrilankataxi.com/things-do-in-galle-sri-lanka/index.html]
[www.booksrilankataxi.com/things-do-in-galle-sri-lanka/terms-and-conditions/index.html]
[www.booksrilankataxi.com/things-do-in-mirissa-sri-lanka/style.css]
[res.cloudinary.com/dhnw7pzb9/image/upload/v1741775803/coconut_tree_hill_1_ehi7x0.jpg]
[res.cloudinary.com/dhnw7pzb9/image/upload/v1743495440/Whale_Watching_1_1_1_ynnige.jpg]
[res.cloudinary.com/dhnw7pzb9/image/upload/v1743495777/Mirissa_Beach_1_1_1_qdujiw.jpg]
[res.cloudinary.com/dhnw7pzb9/image/upload/v1743496253/Parrot_Rock_1_2_rhjixe.jpg]
[res.cloudinary.com/dhnw7pzb9/image/upload/v1746595171/villa_oceane_1_rm18wz_v3rv4g.png]
[res.cloudinary.com/dhnw7pzb9/image/upload/v1743590118/villa_oceane_logo_1_tcr5si.png]
[res.cloudinary.com/dhnw7pzb9/image/upload/v1746595355/anchorage_mirissa_rmc72m_bfxhvm.png]
[res.cloudinary.com/dhnw7pzb9/image/upload/v1743590244/anchorage_mirissa_logo_p5yky6.png]
[www.booksrilankataxi.com/things-do-in-mirissa-sri-lanka/index.html]
[www.booksrilankataxi.com/things-do-in-mirissa-sri-lanka/terms-and-conditions/index.html]
[www.booksrilankataxi.com/things-do-in-bentota-sri-lanka/style.css]
[res.cloudinary.com/dhnw7pzb9/image/upload/v1745229293/Madu_River_Safari_klec0f.jpg]
[res.cloudinary.com/dhnw7pzb9/image/upload/v1745229329/Brief_Garden_by_Bevis_Bawa_z40xw8.jpg]
[res.cloudinary.com/dhnw7pzb9/image/upload/v1745229365/Kosgoda_Sea_Turtle_Hatchery_uxjhdf.jpg]
[res.cloudinary.com/dhnw7pzb9/image/upload/v1745229429/Lunuganga_Estate_kbbafd.jpg]
[res.cloudinary.com/dhnw7pzb9/image/upload/v1745229463/Galapatha_Raja_Maha_Viharaya_fj9pjx.jpg]
[res.cloudinary.com/dhnw7pzb9/image/upload/v1745230070/snork_kiuyar_fm2hhb.jpg]
[res.cloudinary.com/dhnw7pzb9/image/upload/v1745214196/79e1480343c2b0a504c246a7568d7aaf_hs1o0k.jpg]
[res.cloudinary.com/dhnw7pzb9/image/upload/v1745215223/saman-villas-Hotel-Images06-1200x810-1-1-300x203_vfzvcq.jpg]
[res.cloudinary.com/dhnw7pzb9/image/upload/v1745215416/ekho-surf-general-010_pmkube.jpg]
[res.cloudinary.com/dhnw7pzb9/image/upload/v1745216291/646121680_yu1anq.jpg]
[res.cloudinary.com/dhnw7pzb9/image/upload/v1745215565/logo-jetwingeco_paoxr1.png]
[res.cloudinary.com/dhnw7pzb9/image/upload/v1745216423/198368154_usm8to.jpg]
[www.booksrilankataxi.com/things-do-in-bentota-sri-lanka/index.html]
[www.booksrilankataxi.com/things-do-in-bentota-sri-lanka/terms-and-conditions/index.html]
[www.booksrilankataxi.com/things-do-in-dambulla-sri-lanka/style.css]
[res.cloudinary.com/dhnw7pzb9/image/upload/v1741777290/dambulla_gal_viharaya_nuusfq.jpg]
[res.cloudinary.com/dhnw7pzb9/image/upload/v1743677657/sigiriya_2_1_wqjrdp.jpg]
[res.cloudinary.com/dhnw7pzb9/image/upload/v1745230499/Pidurangala_Rock_ss8tkq.jpg]
[res.cloudinary.com/dhnw7pzb9/image/upload/v1745230547/Golden_Temple_of_Dambulla_cs8mgn.jpg]
[res.cloudinary.com/dhnw7pzb9/image/upload/v1745230576/Rangiri_Dambulla_International_Stadium_ptvgvj.jpg]
[res.cloudinary.com/dhnw7pzb9/image/upload/v1745230621/Iron_Wood_Forest_Namal_Uyana_reap2h.jpg]
[res.cloudinary.com/dhnw7pzb9/image/upload/v1745230705/Dambulla_Economic_Centre_Raja_Maha_Viharaya_nrvm4n.jpg]
[res.cloudinary.com/dhnw7pzb9/image/upload/v1745223888/General-Hills-scaled_epgyw8.jpg]
[res.cloudinary.com/dhnw7pzb9/image/upload/v1745223832/footerlogo_jlrxgz.png]
[res.cloudinary.com/dhnw7pzb9/image/upload/v1745224014/gallery-opti-75-Aerial-Exterior-ARP-768x432_xx5p8c.jpg]
[res.cloudinary.com/dhnw7pzb9/image/upload/v1745224216/Gallery-Hotel-1200X810-2-300x203_p5svnp.jpg]
[res.cloudinary.com/dhnw7pzb9/image/upload/v1745224322/511656230_thnvwa.jpg]
[res.cloudinary.com/dhnw7pzb9/image/upload/v1745298509/IMG_8903-2_combdv.jpg]
[res.cloudinary.com/dhnw7pzb9/image/upload/v1745298453/Pelwehera-logo_qc9ucm.jpg]
[res.cloudinary.com/dhnw7pzb9/image/upload/v1745298666/liyya-water-villas_170721127110_nxyi22.jpg]
[res.cloudinary.com/dhnw7pzb9/image/upload/v1745299431/chc-dambulla-resthouse_mcukny.jpg]
[res.cloudinary.com/dhnw7pzb9/image/upload/v1745299424/chc-new-logo_jdexdt.jpg]
[www.booksrilankataxi.com/things-do-in-dambulla-sri-lanka/index.html]
[www.booksrilankataxi.com/things-do-in-dambulla-sri-lanka/terms-and-conditions/index.html]
[www.booksrilankataxi.com/things-do-in-udawalawa-sri-lanka/style.css]
[res.cloudinary.com/dhnw7pzb9/image/upload/v1744880022/Yala_Header_Box_epmute_1_gv5azd.jpg]
[res.cloudinary.com/dhnw7pzb9/image/upload/v1744881868/Yala_animation1_fh3smo_1_kpu7e3.jpg]
[res.cloudinary.com/dhnw7pzb9/image/upload/v1744947922/udawalawa_rei_1_hhj0mz.jpg]
[res.cloudinary.com/dhnw7pzb9/image/upload/v1744947310/Maduwanwela_Walawwa_aiwjsn.jpg]
[www.booksrilankataxi.com/things-do-in-udawalawa-sri-lanka/index.html]
[www.booksrilankataxi.com/things-do-in-colombo-sri-lanka/style.css]
[www.booksrilankataxi.com/things-do-in-udawalawa-sri-lanka/terms-and-conditions/index.html]
[res.cloudinary.com/dhnw7pzb9/image/upload/v1743672716/Galle_Face_Green_vyipvj.jpg]
[res.cloudinary.com/dhnw7pzb9/image/upload/v1743672722/Gangaramaya_Temple_bn0u8o.jpg]
[res.cloudinary.com/dhnw7pzb9/image/upload/v1743672729/Independence_Square_aol3ts.png]
[res.cloudinary.com/dhnw7pzb9/image/upload/v1743672753/pettah_market_hocfem.jpg]
[res.cloudinary.com/dhnw7pzb9/image/upload/v1746600559/clipboard-image-1746600509_ji61uo.png]
[res.cloudinary.com/dhnw7pzb9/image/upload/v1746601360/clipboard-image-1746600703_ywsl9d.png]
[res.cloudinary.com/dhnw7pzb9/image/upload/v1743673543/marino_beach_hotel_logo_nyyhfu.png]
[res.cloudinary.com/dhnw7pzb9/image/upload/v1743673689/radisson_hotel_colombo_eijrhg.png]
[res.cloudinary.com/dhnw7pzb9/image/upload/v1743673645/radisson_hotel_colombo_logo_vffr4b.png]
[res.cloudinary.com/dhnw7pzb9/image/upload/v1746601636/kingsbury_hotel_colombo_d5zzv7_1_1_lwad0q.png]
[res.cloudinary.com/dhnw7pzb9/image/upload/v1746601728/clipboard-image-1746601708_lonpng.png]
[res.cloudinary.com/dhnw7pzb9/image/upload/v1743674419/taj_samudra_hotel_logo_mdyy3u.png]
[res.cloudinary.com/dhnw7pzb9/image/upload/v1743674524/cinnamon_red_colombo_1_hxgzuq.jpg]
[res.cloudinary.com/dhnw7pzb9/image/upload/v1743674496/cinnamon_red_colombo_logo_up3k4m.png]
[res.cloudinary.com/dhnw7pzb9/image/upload/v1746601785/clipboard-image-1746601769_tgrjvf.png]
[res.cloudinary.com/dhnw7pzb9/image/upload/v1743674625/cinnamon_lakeside_logo_q3zmgv.png]
[res.cloudinary.com/dhnw7pzb9/image/upload/v1743674622/cinnamon_lakeside_u0ltj7.jpg]
[res.cloudinary.com/dhnw7pzb9/image/upload/v1743674784/cinnamon_lakeside_logo_gvm9dh.jpg]
[res.cloudinary.com/dhnw7pzb9/image/upload/v1743674933/shangrila_colombo_gtfmua.jpg]
[res.cloudinary.com/dhnw7pzb9/image/upload/v1743674936/shangrila_colombo_logo_cepnbx.png]
[res.cloudinary.com/dhnw7pzb9/image/upload/v1743675026/hilton_colombo_hbkmzp.jpg]
[res.cloudinary.com/dhnw7pzb9/image/upload/v1743675188/jetwing_colombo_seven_n4p25h.jpg]
[res.cloudinary.com/dhnw7pzb9/image/upload/v1743675349/589f2549253e9f0b22b5074672221502_dnexyj.jpg]
[res.cloudinary.com/dhnw7pzb9/image/upload/v1743675344/cinnamon_grand_hotel_logo_wv3d7u.png]
[res.cloudinary.com/dhnw7pzb9/image/upload/v1743675463/orion_city_hotel_lg391h.jpg]
[res.cloudinary.com/dhnw7pzb9/image/upload/v1746601889/clipboard-image-1746601875_exehzz.png]
[res.cloudinary.com/dhnw7pzb9/image/upload/v1743675540/shereton_colombo_logo_zmvclv.png]
[res.cloudinary.com/dhnw7pzb9/image/upload/v1746601955/clipboard-image-1746601938_dnts0a.png]
[res.cloudinary.com/dhnw7pzb9/image/upload/v1743675647/uga_recidence_logo_oaine2.png]
[www.booksrilankataxi.com/things-do-in-colombo-sri-lanka/index.html]
[www.booksrilankataxi.com/things-do-in-colombo-sri-lanka/terms-and-conditions/index.html]
[www.booksrilankataxi.com/things-do-in-polonnaruwa-sri-lanka/style.css]
[res.cloudinary.com/dhnw7pzb9/image/upload/v1743570062/Polonnaruwa_Vatadage_1_pkf6xy.jpg]
[res.cloudinary.com/dhnw7pzb9/image/upload/v1743570177/Lankatilaka_Temple_2_1_cttosh.jpg]
[res.cloudinary.com/dhnw7pzb9/image/upload/v1743570274/Rankoth_Vehera_d4zsnl.jpg]
[res.cloudinary.com/dhnw7pzb9/image/upload/v1746598921/clipboard-image-1746598893_oasp5d.png]
[res.cloudinary.com/dhnw7pzb9/image/upload/v1743590362/lavendish_wild_safari_hotel_logo_gtzvoe.png]
[www.booksrilankataxi.com/things-do-in-polonnaruwa-sri-lanka/index.html]
[www.booksrilankataxi.com/things-do-in-polonnaruwa-sri-lanka/terms-and-conditions/index.html]
[www.booksrilankataxi.com/things-do-in-batticaloa-sri-lanka/style.css]
[res.cloudinary.com/dhnw7pzb9/image/upload/v1745293574/Batticaloa_Fort_xr6gat.png]
[res.cloudinary.com/dhnw7pzb9/image/upload/v1745293617/Kallady_Bridg_xvxkps.png]
[res.cloudinary.com/dhnw7pzb9/image/upload/v1745293538/Pasikudah_Beach_kfovir.png]
[res.cloudinary.com/dhnw7pzb9/image/upload/v1745293666/Batticaloa_Lighthouse_igefps.png]
[res.cloudinary.com/dhnw7pzb9/image/upload/v1745293692/Batticaloa_Lagoon_rdtzxp.png]
[www.booksrilankataxi.com/things-do-in-batticaloa-sri-lanka/index.html]
[www.booksrilankataxi.com/things-do-in-batticaloa-sri-lanka/terms-and-conditions/index.html]
[www.booksrilankataxi.com/things-do-in-tangalle-sri-lanka/style.css]
[res.cloudinary.com/dhnw7pzb9/image/upload/v1744960653/Rekawa_Turtle_Conservation_Project_e2tz0t.jpg]
[res.cloudinary.com/dhnw7pzb9/image/upload/v1744961452/Hummanaya_Blowhole_1_tt1wwe.jpg]
[res.cloudinary.com/dhnw7pzb9/image/upload/v1744961517/Mulkirigala_Rock_Temple_khxbdf.png]
[res.cloudinary.com/dhnw7pzb9/image/upload/v1744961578/Kalametiya_Bird_Sanctuary_uylf9x.png]
[www.booksrilankataxi.com/things-do-in-tangalle-sri-lanka/index.html]
[www.booksrilankataxi.com/things-do-in-tangalle-sri-lanka/terms-and-conditions/index.html]
[www.booksrilankataxi.com/things-do-in-jaffna-sri-lanka/style.css]
[res.cloudinary.com/dhnw7pzb9/image/upload/v1745548996/Untitled_design_23_1_rs3q3u.png]
[res.cloudinary.com/dhnw7pzb9/image/upload/v1745403396/temple-2909698_1920_jfn5e5.jpg]
[res.cloudinary.com/dhnw7pzb9/image/upload/v1745549386/Untitled_design_25_1_cnnjyy.png]
[res.cloudinary.com/dhnw7pzb9/image/upload/v1745550036/Untitled_design_26_1_onvvzi.png]
[res.cloudinary.com/dhnw7pzb9/image/upload/v1745550221/Jaffna_Banner_image-min_1_izbntn.jpg]
[res.cloudinary.com/dhnw7pzb9/image/upload/v1745550771/jjf-gallery10-300x203_j9j8ar.jpg]
[res.cloudinary.com/dhnw7pzb9/image/upload/v1745550873/faad9bf4-c8b2-44ca-9631-0992204cb403_jzv9bo.jpg]
[res.cloudinary.com/dhnw7pzb9/image/upload/v1745550864/5e2eb76586f41743652d5822_Asset_202_201_flkxr1.png]
[res.cloudinary.com/dhnw7pzb9/image/upload/v1745551149/IMG_9061_edited_yfiyqw.jpg]
[res.cloudinary.com/dhnw7pzb9/image/upload/v1745551143/jaffna-Heritage-logo-in-vector-01-300x120_hkfi1f.png]
[www.booksrilankataxi.com/things-do-in-jaffna-sri-lanka/index.html]
[www.booksrilankataxi.com/things-do-in-jaffna-sri-lanka/terms-and-conditions/index.html]
[www.booksrilankataxi.com/things-do-in-hikkaduwa-sri-lanka/style.css]
[res.cloudinary.com/dhnw7pzb9/image/upload/v1745296755/Hikkaduwa_Beach_ooqphw.png]
[res.cloudinary.com/dhnw7pzb9/image/upload/v1745296806/Turtle_Hatchery_nk6y1z.png]
[res.cloudinary.com/dhnw7pzb9/image/upload/v1745296838/Narigama_Beach_mrzwh6.png]
[res.cloudinary.com/dhnw7pzb9/image/upload/v1745296862/Seenigama_Temple_zujjcm.png]
[res.cloudinary.com/dhnw7pzb9/image/upload/v1745296152/90323b620818042cb579fe46bbdb2524_bogker.jpg]
[res.cloudinary.com/dhnw7pzb9/image/upload/v1745296089/66bef92a04120_ft23bx.png]
[res.cloudinary.com/dhnw7pzb9/image/upload/v1745296359/90562962_clymqq.jpg]
[res.cloudinary.com/dhnw7pzb9/image/upload/v1745296353/main-logo_vd82n4.png]
[www.booksrilankataxi.com/things-do-in-hikkaduwa-sri-lanka/index.html]
[www.booksrilankataxi.com/things-do-in-hikkaduwa-sri-lanka/terms-and-conditions/index.html]
[www.booksrilankataxi.com/things-do-in-hiriketiya-sri-lanka/style.css]
[res.cloudinary.com/dhnw7pzb9/image/upload/v1745478271/Untitled_design_18_1_1_gfwtvo.png]
[res.cloudinary.com/dhnw7pzb9/image/upload/v1745478444/Untitled_design_19_1_1_k6234t.png]
[res.cloudinary.com/dhnw7pzb9/image/upload/v1743505793/Bahirawakanda_Vihara_Buddha_Statue_osjwgf.jpg]
[res.cloudinary.com/dhnw7pzb9/image/upload/v1744950288/beach-boat_wyetcl.jpg]
[www.booksrilankataxi.com/things-do-in-hiriketiya-sri-lanka/index.html]
[www.booksrilankataxi.com/things-do-in-hiriketiya-sri-lanka/terms-and-conditions/index.html]
[www.booksrilankataxi.com/things-do-in-belihuloya-sri-lanka/style.css]
[res.cloudinary.com/dhnw7pzb9/image/upload/v1745294662/Pahanthudawa_Waterfall_p0x3q2.png]
[res.cloudinary.com/dhnw7pzb9/image/upload/v1745294695/Samanalawewa_Reservoir_cunff1.png]
[res.cloudinary.com/dhnw7pzb9/image/upload/v1745294722/Belihuloya_River_u3irkn.png]
[res.cloudinary.com/dhnw7pzb9/image/upload/v1745294599/Nonpareil_Estate_Waterfalls_z3zlex.png]
[res.cloudinary.com/dhnw7pzb9/image/upload/v1745294789/Surathali_Ella_Waterfall_lyjump.png]
[res.cloudinary.com/dhnw7pzb9/image/upload/v1745294818/Bambara_Kanda_Waterfall_jzajlp.png]
[res.cloudinary.com/dhnw7pzb9/image/upload/v1745210319/21584289_jq2fg1.jpg]
[res.cloudinary.com/dhnw7pzb9/image/upload/v1745210081/heritage-belihuloya-black_pfjikw.jpg]
[www.booksrilankataxi.com/things-do-in-belihuloya-sri-lanka/index.html]
[www.booksrilankataxi.com/things-do-in-belihuloya-sri-lanka/terms-and-conditions/index.html]
[www.booksrilankataxi.com/things-do-in-haputale-sri-lanka/style.css]
[res.cloudinary.com/dhnw7pzb9/image/upload/v1745297430/Lipton_s_Seat_mnqb8x.png]
[res.cloudinary.com/dhnw7pzb9/image/upload/v1745297523/Dambatenne_Tea_Factory_q7g18h.png]
[res.cloudinary.com/dhnw7pzb9/image/upload/v1745297569/Bambarakanda_Falls_yw4hvw.png]
[res.cloudinary.com/dhnw7pzb9/image/upload/v1745297113/Horton_Plains_National_Park_on2whi.png]
[res.cloudinary.com/dhnw7pzb9/image/upload/v1745297712/St._Andrew_s_Church_sh3nlw.png]
[res.cloudinary.com/dhnw7pzb9/image/upload/v1745297780/Thangamale_Bird_Sanctuary_imyeht.png]
[www.booksrilankataxi.com/things-do-in-haputale-sri-lanka/index.html]
[www.booksrilankataxi.com/things-do-in-haputale-sri-lanka/terms-and-conditions/index.html]
[www.booksrilankataxi.com/things-do-in-kalutara-sri-lanka/style.css]
[res.cloudinary.com/dhnw7pzb9/image/upload/v1745300284/Kalutara_Bodhiya_lbjsqe.jpg]
[res.cloudinary.com/dhnw7pzb9/image/upload/v1745300336/Richmond_Castle_Kandaswamy_Temple_itbhk5.jpg]
[res.cloudinary.com/dhnw7pzb9/image/upload/v1745300385/Kalutara_Beach_vlxvcd.jpg]
[res.cloudinary.com/dhnw7pzb9/image/upload/v1745300460/Thudugala_Ella_Waterfall_ksb7op.jpg]
[res.cloudinary.com/dhnw7pzb9/image/upload/v1745300633/Fa_Hien_Cave_j8kcoi.jpg]
[res.cloudinary.com/dhnw7pzb9/image/upload/v1745300832/exterior-3_ay25wp.jpg]
[res.cloudinary.com/dhnw7pzb9/image/upload/v1745300826/turyaa-white-header-logo_l4rxgx.png]
[www.booksrilankataxi.com/things-do-in-kalutara-sri-lanka/index.html]
[www.booksrilankataxi.com/things-do-in-kalutara-sri-lanka/terms-and-conditions/index.html]
[www.booksrilankataxi.com/things-do-in-negombo-sri-lanka/style.css]
[res.cloudinary.com/dhnw7pzb9/image/upload/v1745302507/Dutch_Canal_oshpe3.png]
[res.cloudinary.com/dhnw7pzb9/image/upload/v1745302538/Negambo_Fish_Market_sog9zv.png]
[res.cloudinary.com/dhnw7pzb9/image/upload/v1745302561/St._Mary_s_Church_l2xy8h.png]
[res.cloudinary.com/dhnw7pzb9/image/upload/v1745302586/Angurukaramulla_Temple_yo56ix.png]
[res.cloudinary.com/dhnw7pzb9/image/upload/v1745302787/center-point-pool-300x234_o5jbiw.jpg]
[res.cloudinary.com/dhnw7pzb9/image/upload/v1745303363/01-1-300x203_lkshqx.jpg]
[res.cloudinary.com/dhnw7pzb9/image/upload/v1745303712/JBHN_Exterior2_0389_NJ_F_NEW-gallery-main-300x203_spkwp7.jpg]
[res.cloudinary.com/dhnw7pzb9/image/upload/v1745303782/gallery-h-1-300x202_ifesxo.jpg]
[res.cloudinary.com/dhnw7pzb9/image/upload/v1745303872/Gallary-10-300x203_v4qsog.jpg]
[res.cloudinary.com/dhnw7pzb9/image/upload/v1745304110/thumbs_hotelj-nehombo-G-2_abegua.jpg]
[res.cloudinary.com/dhnw7pzb9/image/upload/v1745305866/hotelj-negombo-logo-removebg-preview_wkrw8v.png]
[res.cloudinary.com/dhnw7pzb9/image/upload/v1745304688/Mermaid_0047_c6krih.jpg]
[res.cloudinary.com/dhnw7pzb9/image/upload/v1745304683/logo_qgvkxk.png]
[res.cloudinary.com/dhnw7pzb9/image/upload/v1745305023/jetwing-thalahena-villas-gallery-1-1-300x203_elwqxl.jpg]
[res.cloudinary.com/dhnw7pzb9/image/upload/v1745305224/dinning3-768x360_kav0w7.jpg]
[res.cloudinary.com/dhnw7pzb9/image/upload/v1745305219/sentigo-negambo92x56_txqymv.png]
[res.cloudinary.com/dhnw7pzb9/image/upload/v1745305354/uga-riva-desk-header_juiybf.jpg]
[res.cloudinary.com/dhnw7pzb9/image/upload/v1745305770/images_tgzqdc.jpg]
[www.booksrilankataxi.com/things-do-in-negombo-sri-lanka/index.html]
[www.booksrilankataxi.com/things-do-in-negombo-sri-lanka/terms-and-conditions/index.html]
[www.booksrilankataxi.com/things-do-in-ratnapura-sri-lanka/style.css]
[res.cloudinary.com/dhnw7pzb9/image/upload/v1745307718/Gem_Mines_of_Ratnapura_t51gye.jpg]
[res.cloudinary.com/dhnw7pzb9/image/upload/v1745307994/Sinharaja_Forest_Reserve_ojg22g.jpg]
[res.cloudinary.com/dhnw7pzb9/image/upload/v1745308198/Bopath_Ella_Waterfall_ivmt0m.jpg]
[res.cloudinary.com/dhnw7pzb9/image/upload/v1745308381/Sri_Pada_Adam_s_Peak_hka32f.jpg]
[res.cloudinary.com/dhnw7pzb9/image/upload/v1745308511/Katugas_Ella_Falls_sd12ki.jpg]
[res.cloudinary.com/dhnw7pzb9/image/upload/v1745308627/Udawalawe_National_Park_hbqulf.jpg]
[res.cloudinary.com/dhnw7pzb9/image/upload/v1745308726/Delgamuwa_Raja_Maha_Viharaya_pgab0u.jpg]
[res.cloudinary.com/dhnw7pzb9/image/upload/v1745311001/Kirindi_Ella_Waterfall_tqcbip.jpg]
[res.cloudinary.com/dhnw7pzb9/image/upload/v1745311011/Gnanasiha_Tapowana_Vihara_t3fff3.jpg]
[www.booksrilankataxi.com/things-do-in-ratnapura-sri-lanka/index.html]
[www.booksrilankataxi.com/things-do-in-ratnapura-sri-lanka/terms-and-conditions/index.html]
[www.booksrilankataxi.com/tours/sri-lanka-tours/style.css]
[www.booksrilankataxi.com/tours/favicon.131.delayed]
[res.cloudinary.com/dhnw7pzb9/image/upload/v1740114802/colombo-sri-lanka-capital-city-view_fftwka.jpg]
[res.cloudinary.com/dhnw7pzb9/image/upload/v1744002526/1_htkgey.png]
[res.cloudinary.com/dhnw7pzb9/image/upload/v1743752497/78283_s8p4zu.png]
[res.cloudinary.com/dhnw7pzb9/image/upload/v1743679431/Nine_Arches_Bridge_2_lrerqi.jpg]
[res.cloudinary.com/dhnw7pzb9/image/upload/v1744002526/3_cag6dq.png]
[res.cloudinary.com/dhnw7pzb9/image/upload/v1744106759/minneriya_dw5xyy.jpg]
[res.cloudinary.com/dhnw7pzb9/image/upload/v1743677786/Anuradhapura_banner_image_1_1_t8zg4i.jpg]
[res.cloudinary.com/dhnw7pzb9/image/upload/v1743569910/Polonnaruwa_Vatadage_vjqani.jpg]
[res.cloudinary.com/dhnw7pzb9/image/upload/v1744267484/beach_2_t5dvtl.jpg]
[res.cloudinary.com/dhnw7pzb9/image/upload/v1744267494/pexels-freestockpro-330260_vkjqo3.jpg]
[www.booksrilankataxi.com/tours/sri-lanka-tours/index.html]
[www.booksrilankataxi.com/tours/sri-lanka-tours/terms-and-conditions/index.html]
[www.booksrilankataxi.com/sri-lanka-adventure-activities/style.css]
[res.cloudinary.com/dhnw7pzb9/image/upload/v1745474259/Untitled_design_14_1_ztfzmc.png]
[res.cloudinary.com/dhnw7pzb9/image/upload/v1745470151/Untitled_design_10_1_tq0dh2.png]
[res.cloudinary.com/dhnw7pzb9/image/upload/v1745472913/Untitled_design_13_1_x9pk99.png]
[res.cloudinary.com/dhnw7pzb9/image/upload/v1745468606/Untitled_design_7_1_croqsv.png]
[res.cloudinary.com/dhnw7pzb9/image/upload/v1741768211/udawalawa_safari_y4qh5z.jpg]
[res.cloudinary.com/dhnw7pzb9/image/upload/v1745469479/Untitled_design_9_1_myapn5.png]
[www.booksrilankataxi.com/sri-lanka-adventure-activities/index.html]
[www.booksrilankataxi.com/sri-lanka-adventure-activities/terms-and-conditions/index.html]
[www.booksrilankataxi.com/hindu-temples-in-sri-lanka/style.css]
[res.cloudinary.com/dhnw7pzb9/image/upload/v1745404144/shrine-205323_640_l8ceyf.jpg]
[res.cloudinary.com/dhnw7pzb9/image/upload/v1745403494/hindu-temple-6616541_1920_msquoj.jpg]
[res.cloudinary.com/dhnw7pzb9/image/upload/v1745475391/Untitled_design_15_1_xmmgsj.png]
[res.cloudinary.com/dhnw7pzb9/image/upload/v1745475832/Untitled_design_16_1_tvsqpg.png]
[res.cloudinary.com/dhnw7pzb9/image/upload/v1741776452/seetha_amman_temple_p89qwy.jpg]
[www.booksrilankataxi.com/hindu-temples-in-sri-lanka/index.html]
[www.booksrilankataxi.com/hindu-temples-in-sri-lanka/terms-and-conditions/index.html]
[www.booksrilankataxi.com/best-vegetarian-restaurants-sri-lanka/style.css]
[res.cloudinary.com/dhnw7pzb9/image/upload/v1745909429/Untitled_design_45_1_zrj9za.png]
[res.cloudinary.com/dhnw7pzb9/image/upload/v1745910177/Untitled_design_47_1_nj7q0t.png]
[res.cloudinary.com/dhnw7pzb9/image/upload/v1745911880/Untitled_design_53_1_vppzhm.png]
[res.cloudinary.com/dhnw7pzb9/image/upload/v1745911083/Untitled_design_49_1_kluw09.png]
[res.cloudinary.com/dhnw7pzb9/image/upload/v1745911323/Untitled_design_50_1_ecvfkp.png]
[res.cloudinary.com/dhnw7pzb9/image/upload/v1745911538/Untitled_design_51_1_p4vkrl.png]
[res.cloudinary.com/dhnw7pzb9/image/upload/v1745914247/Untitled_design_54_1_v3ppvb.png]
[www.booksrilankataxi.com/best-vegetarian-restaurants-sri-lanka/index.html]
[www.booksrilankataxi.com/best-vegetarian-restaurants-sri-lanka/terms-and-conditions/index.html]
[www.booksrilankataxi.com/travel-to-sri-lanka-guide/style.css]
[www.booksrilankataxi.com/travel-to-sri-lanka-guide/css/animation.css]
[res.cloudinary.com/dhnw7pzb9/image/upload/v1740114778/Dalada-Maligava-tooth-Buddha-Sri-Lanka-Kandy_tfjk4s.jpg]
[res.cloudinary.com/dhnw7pzb9/image/upload/v1743488198/Galle_Lighthouse_asbmat.jpg]
[www.booksrilankataxi.com/travel-to-sri-lanka-guide/index.html]
[www.booksrilankataxi.com/travel-to-sri-lanka-guide/terms-and-conditions/index.html]
[www.booksrilankataxi.com/popular-itineraries-sri-lanka/style.css]
[www.booksrilankataxi.com/popular-itineraries-sri-lanka/css/animation.css]
[res.cloudinary.com/dhnw7pzb9/image/upload/v1745485155/Untitled_design_21_1_jdnzl5.png]
[res.cloudinary.com/dhnw7pzb9/image/upload/v1744196387/polonaruwa_ancient_city_hwei9g.jpg]
[res.cloudinary.com/dhnw7pzb9/image/upload/v1745575405/Untitled_design_32_1_iaelyd.png]
[res.cloudinary.com/dhnw7pzb9/image/upload/v1745575892/Untitled_design_34_1_gghbzy.png]
[res.cloudinary.com/dhnw7pzb9/image/upload/v1745576034/Untitled_design_35_1_wjjhtj.png]
[res.cloudinary.com/dhnw7pzb9/image/upload/v1741769249/2_mirissa_header_2_cuxmry.jpg]
[res.cloudinary.com/dhnw7pzb9/image/upload/v1740114893/houseboat-gregory-lake-nuwara-eliya-lake-gregory-is-reservoir-centre-tea-country-hill-city-nuwara-eliya-sri-lanka_78361-9717_ffrqlg.jpg]
[res.cloudinary.com/dhnw7pzb9/image/upload/v1745485149/Untitled_design_20_1_uumvop.png]
[www.booksrilankataxi.com/popular-itineraries-sri-lanka/index.html]
[www.booksrilankataxi.com/popular-itineraries-sri-lanka/terms-and-conditions/index.html]
[www.booksrilankataxi.com/unique-wonders-of-sri-lanka-travel-guide/style.css]
[www.booksrilankataxi.com/unique-wonders-of-sri-lanka-travel-guide/css/animation.css]
[res.cloudinary.com/dhnw7pzb9/image/upload/v1745898997/Untitled_design_39_1_kuo9bc.png]
[res.cloudinary.com/dhnw7pzb9/image/upload/v1745899333/Untitled_design_41_1_tp2ips.png]
[res.cloudinary.com/dhnw7pzb9/image/upload/v1745900606/Untitled_design_42_2_wtbk2f.png]
[res.cloudinary.com/dhnw7pzb9/image/upload/v1745901061/Untitled_design_43_1_lsprum.png]
[res.cloudinary.com/dhnw7pzb9/image/upload/v1745901909/Untitled_design_44_1_wumivd.png]
[www.booksrilankataxi.com/unique-wonders-of-sri-lanka-travel-guide/index.html]
[www.booksrilankataxi.com/unique-wonders-of-sri-lanka-travel-guide/terms-and-conditions/index.html]
[www.booksrilankataxi.com/best-wildlife-safari-in-sri-lanka/style.css]
[www.booksrilankataxi.com/best-wildlife-safari-in-sri-lanka/css/animation.167.delayed]
[res.cloudinary.com/dhnw7pzb9/image/upload/v1744947300/udawalawa_rei_pwqsvi.jpg]
[res.cloudinary.com/dhnw7pzb9/image/upload/v1745926055/Untitled_design_56_1_oqlza9.png]
[www.booksrilankataxi.com/best-wildlife-safari-in-sri-lanka/index.html]
[www.booksrilankataxi.com/best-wildlife-safari-in-sri-lanka/terms-and-conditions/index.html]
[www.booksrilankataxi.com/tea-plantation-tours-sri-lanka/style.css]
[res.cloudinary.com/dhnw7pzb9/image/upload/v1745992320/Untitled_design_59_1_aoaxao.png]
[res.cloudinary.com/dhnw7pzb9/image/upload/v1745992308/Untitled_design_60_1_lyfme9.png]
[res.cloudinary.com/dhnw7pzb9/image/upload/v1745993603/Untitled_design_63_1_n9gzmj.png]
[res.cloudinary.com/dhnw7pzb9/image/upload/v1745993530/Untitled_design_61_1_kedpkq.png]
[res.cloudinary.com/dhnw7pzb9/image/upload/v1745995302/Untitled_design_64_1_egj48h.png]
[res.cloudinary.com/dhnw7pzb9/image/upload/v1745996179/Untitled_design_65_1_qh6r37.png]
[res.cloudinary.com/dhnw7pzb9/image/upload/v1745996771/Untitled_design_66_1_nytb6e.png]
[res.cloudinary.com/dhnw7pzb9/image/upload/v1745997099/Untitled_design_67_1_anubq4.png]
[www.booksrilankataxi.com/tea-plantation-tours-sri-lanka/index.html]
[www.booksrilankataxi.com/cdn-cgi/l/email-protection.html]
[www.booksrilankataxi.com/contact-booksrilankataxi/style.css]
[cdnjs.cloudflare.com/ajax/libs/intl-tel-input/17.0.19/img/flags.png]
[www.booksrilankataxi.com/tea-plantation-tours-sri-lanka/terms-and-conditions/index.html]
[cdnjs.cloudflare.com/ajax/libs/intl-tel-input/17.0.19/css/intlTelInput.css]
[www.booksrilankataxi.com/contact-booksrilankataxi/terms-and-conditions/index.html]
[www.booksrilankataxi.com/terms-and-conditions/terms.css]
[www.booksrilankataxi.com/terms-and-conditions/css/animation.html]
[cdnjs.cloudflare.com/ajax/libs/intl-tel-input/17.0.19/img/flags@2x.png]
[dxk1acp76n912.cloudfront.net/images/welcome-bonus.jpg]
[dxk1acp76n912.cloudfront.net/images/review.png]
[www.booksrilankataxi.com/travel-welcome-bonus/style.css]
[cdnjs.cloudflare.com/ajax/libs/font-awesome/6.5.0/css/all.min.css]
[www.booksrilankataxi.com/travel-welcome-bonus/terms-and-conditions/index.html]
[dxk1acp76n912.cloudfront.net/images/free-tourist-sim-card-sri-lanka.jpg]
[www.booksrilankataxi.com/free-tourist-sim-card-sri-lanka/style.css]
[www.booksrilankataxi.com/free-tourist-sim-card-sri-lanka/terms-and-conditions/index.html]
[www.booksrilankataxi.com/yala-safari/style.css]
[kit.fontawesome.com/YOUR_KIT_CODE.html]
[www.booksrilankataxi.com/yala-safari/terms-and-conditions/index.html]
[www.booksrilankataxi.com/udawalawe-safari/style.css]
[www.booksrilankataxi.com/udawalawe-safari/terms-and-conditions/index.html]
[www.booksrilankataxi.com/whale-watching-mirissa/style.css]
[www.booksrilankataxi.com/whale-watching-mirissa/terms-and-conditions/index.html]
[www.booksrilankataxi.com/surfing-arugam-bay/style.css]
[www.booksrilankataxi.com/surfing-arugam-bay/terms-and-conditions/index.html]
[www.booksrilankataxi.com/snorkeling-hikkaduwa/style.css]
[www.booksrilankataxi.com/snorkeling-hikkaduwa/terms-and-conditions/index.html]
[www.booksrilankataxi.com/bentota-river-safari/style.css]
[www.booksrilankataxi.com/bentota-river-safari/terms-and-conditions/index.html]
[dxk1acp76n912.cloudfront.net/images/beach.jpg]
[www.booksrilankataxi.com/sri-lanka-tourist-destinations/style.css]
[www.booksrilankataxi.com/things-do-in-kandy-sri-lanka/style.css]
[res.cloudinary.com/dhnw7pzb9/image/upload/v1743505465/Temple_of_the_Tooth_Relic_1_1_sgumqm.jpg]
[res.cloudinary.com/dhnw7pzb9/image/upload/v1743505571/Peradeniya_Botanical_Gardens_1_u0x8f9.jpg]
[res.cloudinary.com/dhnw7pzb9/image/upload/v1743505690/Kandy_Lake_1_sqc9tq.jpg]
[res.cloudinary.com/dhnw7pzb9/image/upload/v1743505904/Udawattakele_Forest_Reserve_1_wiprns.jpg]
[res.cloudinary.com/dhnw7pzb9/image/upload/v1743505998/Ceylon_Tea_Museum_1_u9luic.jpg]
[res.cloudinary.com/dhnw7pzb9/image/upload/v1743497894/Kandy_Viewpoint_1_appoj4.jpg]
[res.cloudinary.com/dhnw7pzb9/image/upload/v1743506170/Lankatilaka_Temple_1_yilhbe.jpg]
[res.cloudinary.com/dhnw7pzb9/image/upload/v1743506444/Kandy_Cultural_Show_1_df4kcr.jpg]
[res.cloudinary.com/dhnw7pzb9/image/upload/v1743560357/grand_kandyan_hotel_hrlkbi.png]
[res.cloudinary.com/dhnw7pzb9/image/upload/v1743560620/main-logo-removebg-preview_yfx2ol.png]
[res.cloudinary.com/dhnw7pzb9/image/upload/v1743560687/queeens_hotel_kandy_kyne4o.jpg]
[res.cloudinary.com/dhnw7pzb9/image/upload/v1743572361/queeens_hotel_kandy_mkwvkp.jpg]
[res.cloudinary.com/dhnw7pzb9/image/upload/v1743560772/amaya_hills_kandy_ynipx3.jpg]
[res.cloudinary.com/dhnw7pzb9/image/upload/v1743572785/amaya_hills_kandy_gkzh1o.png]
[res.cloudinary.com/dhnw7pzb9/image/upload/v1743560819/fox_kandy_jetqok.jpg]
[res.cloudinary.com/dhnw7pzb9/image/upload/v1743572833/fox_kandy_onfsif.png]
[res.cloudinary.com/dhnw7pzb9/image/upload/v1743560948/earls_regancy_osnyex.jpg]
[res.cloudinary.com/dhnw7pzb9/image/upload/v1743560994/raddisson_kandy_j74xzi.jpg]
[res.cloudinary.com/dhnw7pzb9/image/upload/v1743574031/raddisson_kandy_d9q86c.png]
[res.cloudinary.com/dhnw7pzb9/image/upload/v1743561035/golden_crown_hotel_xicepl.jpg]
[res.cloudinary.com/dhnw7pzb9/image/upload/v1743574411/golden_crown_hotel_avjrgg.png]
[res.cloudinary.com/dhnw7pzb9/image/upload/v1743561047/madulkale_tea_and_eco_lodge_o5ltc9.jpg]
[res.cloudinary.com/dhnw7pzb9/image/upload/v1743574455/madulkale_tea_and_eco_lodge_rmlgmr.jpg]
[res.cloudinary.com/dhnw7pzb9/image/upload/v1743561056/suisse_hotel_kandy_uoeku5.jpg]
[res.cloudinary.com/dhnw7pzb9/image/upload/v1743574512/suisse_hotel_kandy_logo_ur5uup.jpg]
[res.cloudinary.com/dhnw7pzb9/image/upload/v1743561078/cin_citadel_kandy_zcqr1p.jpg]
[res.cloudinary.com/dhnw7pzb9/image/upload/v1743574552/cin_citadel_kandy_wistwu.png]
[res.cloudinary.com/dhnw7pzb9/image/upload/v1743561087/jetwing_kandy_gallery_dqmobd.jpg]
[res.cloudinary.com/dhnw7pzb9/image/upload/v1743574591/jetwing_kandy_gallery_gq18cm.jpg]
[res.cloudinary.com/dhnw7pzb9/image/upload/v1743561123/w15_hanthana_estate_ofkzq7.jpg]
[res.cloudinary.com/dhnw7pzb9/image/upload/v1743587721/hotel_360_z22zif.jpg]
[res.cloudinary.com/dhnw7pzb9/image/upload/v1743587766/hotel_360_logo_h25qh8.png]
[res.cloudinary.com/dhnw7pzb9/image/upload/v1743587988/villa_swites_by_clairs_mdrsqi.jpg]
[res.cloudinary.com/dhnw7pzb9/image/upload/v1743587996/villa_swites_by_clairs_logo_lqaytc.png]
[res.cloudinary.com/dhnw7pzb9/image/upload/v1743588256/albatross_range_c8qa4b.jpg]
[res.cloudinary.com/dhnw7pzb9/image/upload/v1743588261/albatross_range_xzpmee.png]
[res.cloudinary.com/dhnw7pzb9/image/upload/v1743588392/oak_ray_regency_bopcve.jpg]
[res.cloudinary.com/dhnw7pzb9/image/upload/v1743588395/oak_ray_regency_logo_bnouqk.png]
[res.cloudinary.com/dhnw7pzb9/image/upload/v1743588538/oak_ray_city_hotel_aenkpu.jpg]
[res.cloudinary.com/dhnw7pzb9/image/upload/v1743588533/oak_ray_city_hotel_logo_kcljq3.png]
[res.cloudinary.com/dhnw7pzb9/image/upload/v1743588634/serene_gardens_hotel_kandy_xtcj6b.jpg]
[res.cloudinary.com/dhnw7pzb9/image/upload/v1743588639/serene_gardens_hotel_kandy_logo_qpywqv.png]
[res.cloudinary.com/dhnw7pzb9/image/upload/v1743588702/senani_hotel_gpjhhc.jpg]
[res.cloudinary.com/dhnw7pzb9/image/upload/v1743588698/senani_hotel_logo_fewxqn.png]
[res.cloudinary.com/dhnw7pzb9/image/upload/v1743588869/oak_ray_heritage_u0ekgc.jpg]
[res.cloudinary.com/dhnw7pzb9/image/upload/v1743588873/oak_ray_heritage_logo_etysq6.png]
[res.cloudinary.com/dhnw7pzb9/image/upload/v1743589074/w15_ambuluwawa_u1xb7w.png]
[res.cloudinary.com/dhnw7pzb9/image/upload/v1743589065/w15_ambuluwawa_logo_pxneqo.png]
[www.booksrilankataxi.com/things-do-in-kandy-sri-lanka/index.html]
[www.booksrilankataxi.com/things-do-in-kandy-sri-lanka/terms-and-conditions/index.html]
[www.booksrilankataxi.com/things-do-in-nuwara-eliya-sri-lanka/style.css]
[res.cloudinary.com/dhnw7pzb9/image/upload/v1743499326/Gregory_Lake_m6jw2g.jpg]
[res.cloudinary.com/dhnw7pzb9/image/upload/v1743499467/Horton_Plains_National_Park_z3fysq.jpg]
[res.cloudinary.com/dhnw7pzb9/image/upload/v1743499582/Pedro_Tea_Estate_najhnm.jpg]
[res.cloudinary.com/dhnw7pzb9/image/upload/v1743499653/Lover_s_Leap_Waterfall_jzo8gm.jpg]
[res.cloudinary.com/dhnw7pzb9/image/upload/v1743499738/Victoria_Park_1_pbuqxa.jpg]
[res.cloudinary.com/dhnw7pzb9/image/upload/v1743499856/Ambewela_Farm_rudtil.jpg]
[res.cloudinary.com/dhnw7pzb9/image/upload/v1741747196/gallery-h-1_b03cuk.jpg]
[res.cloudinary.com/dhnw7pzb9/image/upload/v1741747306/Jetwing-warwick-gallery_nfvnn3.jpg]
[res.cloudinary.com/dhnw7pzb9/image/upload/v1741747410/Broomfield-By-Jetwing-1200x810-1_pxqj6p.jpg]
[res.cloudinary.com/dhnw7pzb9/image/upload/v1741747502/Cottage-Exterior-8-1200x810_rmxn7w.jpg]
[res.cloudinary.com/dhnw7pzb9/image/upload/v1741747704/173226008_thsj5g.jpg]
[res.cloudinary.com/dhnw7pzb9/image/upload/v1741747815/Gallery-5-300x203_tzqzjx.jpg]
[res.cloudinary.com/dhnw7pzb9/image/upload/v1741747902/skyline-restaurant_efqmjn.jpg]
[res.cloudinary.com/dhnw7pzb9/image/upload/v1741747905/golden_ridge_black_cv5e9i.png]
[res.cloudinary.com/dhnw7pzb9/image/upload/v1741748042/aerial-3_n2o4al.png]
[res.cloudinary.com/dhnw7pzb9/image/upload/v1741748048/westbury_black_iyrf7k.png]
[res.cloudinary.com/dhnw7pzb9/image/upload/v1741748301/index-2_tp29ln.jpg]
[res.cloudinary.com/dhnw7pzb9/image/upload/v1741748305/clovelly_black_kiiloo.png]
[res.cloudinary.com/dhnw7pzb9/image/upload/v1743654845/lake_garden_villa_bapwza.jpg]
[res.cloudinary.com/dhnw7pzb9/image/upload/v1743654845/lake_garden_villa_logo_llwjlz.png]
[res.cloudinary.com/dhnw7pzb9/image/upload/v1746595624/oak_ray_tea_bush_a64mhv_eejomj.png]
[res.cloudinary.com/dhnw7pzb9/image/upload/v1743655031/oak_ray_tea_bush_logo_uwyzp1.png]
[res.cloudinary.com/dhnw7pzb9/image/upload/v1746595789/oak_ray_summer_hill_breeze_eoezx7_s9tc0p.png]
[res.cloudinary.com/dhnw7pzb9/image/upload/v1743655153/oak_ray_summer_hill_breeze_logo_hp86xv.png]
[res.cloudinary.com/dhnw7pzb9/image/upload/v1746595999/uga_hallowella_hotel_frqfml_fmhilt.png]
[res.cloudinary.com/dhnw7pzb9/image/upload/v1743655225/uga_hallowella_logo_qjxkn0.png]
[res.cloudinary.com/dhnw7pzb9/image/upload/v1746597908/clipboard-image-1746597515_mpkftu.png]
[res.cloudinary.com/dhnw7pzb9/image/upload/v1743655485/heritance_tea_factory_logo_sxapub.png]
[www.booksrilankataxi.com/things-do-in-nuwara-eliya-sri-lanka/index.html]
[www.booksrilankataxi.com/things-do-in-sigiriya-sri-lanka/style.css]
[www.booksrilankataxi.com/things-do-in-nuwara-eliya-sri-lanka/terms-and-conditions/index.html]
[res.cloudinary.com/dhnw7pzb9/image/upload/v1743501615/sigiriya_2_ehf2ob.jpg]
[res.cloudinary.com/dhnw7pzb9/image/upload/v1743501514/Pidurangala_Rock_kcxdsg.jpg]
[res.cloudinary.com/dhnw7pzb9/image/upload/v1741777262/sigiriya_rock_fortress_phtwkl.jpg]
[res.cloudinary.com/dhnw7pzb9/image/upload/v1741748931/sigiriya-hotel-pictures-desktop-large_z1muiz.jpg]
[res.cloudinary.com/dhnw7pzb9/image/upload/v1743589768/oak_ray_elephant_lake_u5my1d.jpg]
[res.cloudinary.com/dhnw7pzb9/image/upload/v1743589764/oak_ray_elephant_lake_logo_hgloqh.png]
[res.cloudinary.com/dhnw7pzb9/image/upload/v1743589892/cinnamon_lodge_habarana_adx80n.png]
[res.cloudinary.com/dhnw7pzb9/image/upload/v1743589897/cinnamon_lodge_habarana_logo_nejudc.png]
[res.cloudinary.com/dhnw7pzb9/image/upload/v1743657534/sigiri_jungles_1_y1gvlv.png]
[res.cloudinary.com/dhnw7pzb9/image/upload/v1743657502/sigiri_jungles_logo_dedngz.png]
[res.cloudinary.com/dhnw7pzb9/image/upload/v1743657440/fresco_water_wd19xw.png]
[res.cloudinary.com/dhnw7pzb9/image/upload/v1743657421/fresco_water_logo_kyhlp2.png]
[www.booksrilankataxi.com/things-do-in-sigiriya-sri-lanka/index.html]
[www.booksrilankataxi.com/things-do-in-sigiriya-sri-lanka/terms-and-conditions/index.html]
[www.booksrilankataxi.com/things-do-in-anuradhapura-sri-lanka/style.css]
[res.cloudinary.com/dhnw7pzb9/image/upload/v1743564078/Sri_Maha_Bodhi_Tree_3_guqxvh.jpg]
[res.cloudinary.com/dhnw7pzb9/image/upload/v1743564279/Ruwanwelisaya_Stupa_nd2s8v.jpg]
[res.cloudinary.com/dhnw7pzb9/image/upload/v1743564367/Jetavanaramaya_gqnzdm.jpg]
[res.cloudinary.com/dhnw7pzb9/image/upload/v1743564748/Abhayagiri_Monastery_1_isoqhq.jpg]
[res.cloudinary.com/dhnw7pzb9/image/upload/v1743589224/avonrich_resort_pz603d.jpg]
[res.cloudinary.com/dhnw7pzb9/image/upload/v1743589228/avonrich_resort_logo_gkmqlj.png]
[res.cloudinary.com/dhnw7pzb9/image/upload/v1746598739/clipboard-image-1746598718_m8cu7d.png]
[res.cloudinary.com/dhnw7pzb9/image/upload/v1743589334/uga_ulgalla_logo_fh5pui.png]
[res.cloudinary.com/dhnw7pzb9/image/upload/v1746598801/clipboard-image-1746598782_qaqouw.png]
[res.cloudinary.com/dhnw7pzb9/image/upload/v1743589539/miridiya_lake_resorta_logo_bngxk4.png]
[www.booksrilankataxi.com/things-do-in-anuradhapura-sri-lanka/index.html]
[www.booksrilankataxi.com/things-do-in-anuradhapura-sri-lanka/terms-and-conditions/index.html]
[www.booksrilankataxi.com/things-do-in-trincomalee-sri-lanka/style.css]
[res.cloudinary.com/dhnw7pzb9/image/upload/v1744959166/Pigeon_Island_1_sru7sl.jpg]
[res.cloudinary.com/dhnw7pzb9/image/upload/v1744960111/Fort_Frederick_decas5.png]
[res.cloudinary.com/dhnw7pzb9/image/upload/v1744952153/9_mv7qb6.jpg]
[res.cloudinary.com/dhnw7pzb9/image/upload/v1744952050/logo4_mtomsu.png]
[res.cloudinary.com/dhnw7pzb9/image/upload/v1744952287/d076cb9340c7203619a890b47ee5ab41_z5sti1.jpg]
[res.cloudinary.com/dhnw7pzb9/image/upload/v1744952291/66bef9290ae01_hdvhwi.png]
[res.cloudinary.com/dhnw7pzb9/image/upload/v1744952828/Exterior_0010_Cluster_Cabin_Exterior_ljtgx4.jpg]
[res.cloudinary.com/dhnw7pzb9/image/upload/v1744952836/images-removebg-preview_1_u85rdk.png]
[www.booksrilankataxi.com/things-do-in-trincomalee-sri-lanka/index.html]
[www.booksrilankataxi.com/things-do-in-trincomalee-sri-lanka/terms-and-conditions/index.html]
[www.booksrilankataxi.com/things-do-in-arugam-bay-sri-lanka/style.css]
[res.cloudinary.com/dhnw7pzb9/image/upload/v1745207973/Whiskey_Point_bmc49g.jpg]
[res.cloudinary.com/dhnw7pzb9/image/upload/v1745208010/Elephant_Rock_hwyfp3.jpg]
[res.cloudinary.com/dhnw7pzb9/image/upload/v1745208043/Lahugala_National_Park_fwh1zj.jpg]
[www.booksrilankataxi.com/things-do-in-arugam-bay-sri-lanka/index.html]
[www.booksrilankataxi.com/things-do-in-arugam-bay-sri-lanka/terms-and-conditions/index.html]
[www.booksrilankataxi.com/things-do-in-ella-sri-lanka/style.css]
[res.cloudinary.com/dhnw7pzb9/image/upload/v1741769808/Nine_arches_bridge_1_tn9d2y.jpg]
[res.cloudinary.com/dhnw7pzb9/image/upload/v1741777945/little_adams_peak_mo5ckq.jpg]
[res.cloudinary.com/dhnw7pzb9/image/upload/v1741777841/diyaluma_falls_inx8vm.jpg]
[res.cloudinary.com/dhnw7pzb9/image/upload/v1741778030/ravana_falls_t6bbws.jpg]
[res.cloudinary.com/dhnw7pzb9/image/upload/v1741778162/ella_rock_iqbvfh.jpg]
[res.cloudinary.com/dhnw7pzb9/image/upload/v1741778330/ceylon_tea_factory_dwpizd.jpg]
[res.cloudinary.com/dhnw7pzb9/image/upload/v1743502969/Tea_Factory_Tours_phrz31.jpg]
[res.cloudinary.com/dhnw7pzb9/image/upload/v1743503010/Ella_Spice_Garden_stnij6.jpg]
[res.cloudinary.com/dhnw7pzb9/image/upload/v1741749963/location-7-1_wwspmh.jpg]
[res.cloudinary.com/dhnw7pzb9/image/upload/v1741749957/logo_t3stm4.png]
[res.cloudinary.com/dhnw7pzb9/image/upload/v1741750103/kaduruketha-hotel-744x502-300x202_k7it2x.jpg]
[res.cloudinary.com/dhnw7pzb9/image/upload/v1743656845/ella_brown_house_ki0jty.jpg]
[res.cloudinary.com/dhnw7pzb9/image/upload/v1743656837/ella_brown_house_logo_y9k30n.png]
[res.cloudinary.com/dhnw7pzb9/image/upload/v1743656949/o2_villas_kfda4i.png]
[res.cloudinary.com/dhnw7pzb9/image/upload/v1743656930/o2_villas_logo_fh1r9q.png]
[res.cloudinary.com/dhnw7pzb9/image/upload/v1746598213/clipboard-image-1746598193_bohccj.png]
[res.cloudinary.com/dhnw7pzb9/image/upload/v1743657012/oak_ray_la_ela_breeze_logo_ceuppe.png]
[res.cloudinary.com/dhnw7pzb9/image/upload/v1743657086/oak_ray_ella_gap_vjxaca.png]
[www.booksrilankataxi.com/things-do-in-ella-sri-lanka/index.html]
[res.cloudinary.com/dhnw7pzb9/image/upload/v1743657074/oak_ray_ella_gap_logo_zrtcy0.png]
[www.booksrilankataxi.com/sri-lanka-tourist-destinations/terms-and-conditions/index.html]
[www.booksrilankataxi.com/things-do-in-galle-sri-lanka/style.css]
[www.booksrilankataxi.com/things-do-in-galle-sri-lanka/terms-and-conditions/index.html]
[res.cloudinary.com/dhnw7pzb9/image/upload/q_auto_eco,f_auto/v1741775261/mirissa_beach_p91cq9.jpg]
[www.booksrilankataxi.com/things-do-in-mirissa-sri-lanka/style.css]
[www.booksrilankataxi.com/things-do-in-mirissa-sri-lanka/terms-and-conditions/index.html]
[www.booksrilankataxi.com/things-do-in-bentota-sri-lanka/style.css]
[www.booksrilankataxi.com/things-do-in-bentota-sri-lanka/terms-and-conditions/index.html]
[www.booksrilankataxi.com/things-do-in-dambulla-sri-lanka/style.css]
[www.booksrilankataxi.com/things-do-in-dambulla-sri-lanka/terms-and-conditions/index.html]
[www.booksrilankataxi.com/things-do-in-udawalawa-sri-lanka/style.css]
[www.booksrilankataxi.com/things-do-in-udawalawa-sri-lanka/terms-and-conditions/index.html]
[www.booksrilankataxi.com/things-do-in-colombo-sri-lanka/style.css]
[www.booksrilankataxi.com/things-do-in-colombo-sri-lanka/terms-and-conditions/index.html]
[www.booksrilankataxi.com/things-do-in-polonnaruwa-sri-lanka/style.css]
[www.booksrilankataxi.com/things-do-in-polonnaruwa-sri-lanka/terms-and-conditions/index.html]
[www.booksrilankataxi.com/things-do-in-batticaloa-sri-lanka/style.css]
[www.booksrilankataxi.com/things-do-in-batticaloa-sri-lanka/terms-and-conditions/index.html]
[www.booksrilankataxi.com/things-do-in-tangalle-sri-lanka/style.css]
[www.booksrilankataxi.com/things-do-in-tangalle-sri-lanka/terms-and-conditions/index.html]
[www.booksrilankataxi.com/things-do-in-ella-sri-lanka/terms-and-conditions/index.html]
[res.cloudinary.com/dhnw7pzb9/image/upload/v1745548747/Jaffna_Banner_image-min_kz3eit.jpg]
[www.booksrilankataxi.com/things-do-in-jaffna-sri-lanka/style.css]
[www.booksrilankataxi.com/things-do-in-jaffna-sri-lanka/terms-and-conditions/index.html]
[res.cloudinary.com/dhnw7pzb9/image/upload/v1745296688/Narigama_Beach_vawpaf.png]
[www.booksrilankataxi.com/things-do-in-hikkaduwa-sri-lanka/style.css]
[www.booksrilankataxi.com/things-do-in-hikkaduwa-sri-lanka/terms-and-conditions/index.html]
[res.cloudinary.com/dhnw7pzb9/image/upload/v1745477431/Untitled_design_19_1_jdwlnh.png]
[www.booksrilankataxi.com/things-do-in-hiriketiya-sri-lanka/style.css]
[www.booksrilankataxi.com/things-do-in-hiriketiya-sri-lanka/terms-and-conditions/index.html]
[www.booksrilankataxi.com/things-do-in-belihuloya-sri-lanka/style.css]
[www.booksrilankataxi.com/things-do-in-belihuloya-sri-lanka/terms-and-conditions/index.html]
[www.booksrilankataxi.com/things-do-in-haputale-sri-lanka/style.css]
[www.booksrilankataxi.com/things-do-in-haputale-sri-lanka/terms-and-conditions/index.html]
[www.booksrilankataxi.com/things-do-in-kalutara-sri-lanka/style.css]
[www.booksrilankataxi.com/things-do-in-kalutara-sri-lanka/terms-and-conditions/index.html]
[www.booksrilankataxi.com/things-do-in-negombo-sri-lanka/style.css]
[www.booksrilankataxi.com/things-do-in-negombo-sri-lanka/terms-and-conditions/index.html]
[res.cloudinary.com/dhnw7pzb9/image/upload/v1745306907/moonstone_bfnjhr.jpg]
[www.booksrilankataxi.com/things-do-in-ratnapura-sri-lanka/style.css]
[www.booksrilankataxi.com/things-do-in-ratnapura-sri-lanka/terms-and-conditions/index.html]
[www.booksrilankataxi.com/tours/sri-lanka-tours/style.css]
[www.booksrilankataxi.com/tours/favicon.html]
[www.booksrilankataxi.com/tours/sri-lanka-tours/terms-and-conditions/index.html]
[www.booksrilankataxi.com/sri-lanka-adventure-activities/style.css]
[www.booksrilankataxi.com/sri-lanka-adventure-activities/terms-and-conditions/index.html]
[res.cloudinary.com/dhnw7pzb9/image/upload/v1745476068/Untitled_design_17_1_xqhgac.png]
[www.booksrilankataxi.com/hindu-temples-in-sri-lanka/style.css]
[www.booksrilankataxi.com/hindu-temples-in-sri-lanka/terms-and-conditions/index.html]
[www.booksrilankataxi.com/best-vegetarian-restaurants-sri-lanka/style.css]
[www.booksrilankataxi.com/best-vegetarian-restaurants-sri-lanka/terms-and-conditions/index.html]
[www.transparenttextures.com/patterns/white-wall.png]
[www.booksrilankataxi.com/travel-to-sri-lanka-guide/style.css]
[www.booksrilankataxi.com/travel-to-sri-lanka-guide/css/animation.html]
[www.booksrilankataxi.com/travel-to-sri-lanka-guide/terms-and-conditions/index.html]
[www.booksrilankataxi.com/popular-itineraries-sri-lanka/style.css]
[www.booksrilankataxi.com/popular-itineraries-sri-lanka/css/animation.html]
[www.booksrilankataxi.com/popular-itineraries-sri-lanka/terms-and-conditions/index.html]
[www.booksrilankataxi.com/unique-wonders-of-sri-lanka-travel-guide/style.css]
[www.booksrilankataxi.com/unique-wonders-of-sri-lanka-travel-guide/css/animation.html]
[www.booksrilankataxi.com/unique-wonders-of-sri-lanka-travel-guide/terms-and-conditions/index.html]
[www.booksrilankataxi.com/best-wildlife-safari-in-sri-lanka/style.css]
[www.booksrilankataxi.com/best-wildlife-safari-in-sri-lanka/css/animation.html]
[www.booksrilankataxi.com/best-wildlife-safari-in-sri-lanka/terms-and-conditions/index.html]
[res.cloudinary.com/dhnw7pzb9/image/upload/v1745997702/Untitled_design_68_1_ejfb7w.png]
[www.booksrilankataxi.com/tea-plantation-tours-sri-lanka/style.css]
[www.booksrilankataxi.com/tea-plantation-tours-sri-lanka/terms-and-conditions/index.html]
[example.com/yala-safari-background.html]
[res.cloudinary.com/dhnw7pzb9/image/upload/v1743505395/Temple_of_the_Tooth_Relic_1_xghwru.jpg]
[www.booksrilankataxi.com/things-do-in-kandy-sri-lanka/style.css]
[www.booksrilankataxi.com/things-do-in-kandy-sri-lanka/terms-and-conditions/index.html]
[res.cloudinary.com/dhnw7pzb9/image/upload/v1743567827/Nuwere_eliya._f3dxvr.jpg]
[www.booksrilankataxi.com/things-do-in-nuwara-eliya-sri-lanka/style.css]
[www.booksrilankataxi.com/things-do-in-nuwara-eliya-sri-lanka/terms-and-conditions/index.html]
[www.booksrilankataxi.com/things-do-in-sigiriya-sri-lanka/style.css]
[www.booksrilankataxi.com/things-do-in-sigiriya-sri-lanka/terms-and-conditions/index.html]
[www.booksrilankataxi.com/things-do-in-anuradhapura-sri-lanka/style.css]
[www.booksrilankataxi.com/things-do-in-anuradhapura-sri-lanka/terms-and-conditions/index.html]
[www.booksrilankataxi.com/things-do-in-trincomalee-sri-lanka/style.css]
[www.booksrilankataxi.com/things-do-in-trincomalee-sri-lanka/terms-and-conditions/index.html]
[www.booksrilankataxi.com/things-do-in-arugam-bay-sri-lanka/style.css]
[www.booksrilankataxi.com/things-do-in-arugam-bay-sri-lanka/terms-and-conditions/index.html]
[res.cloudinary.com/dhnw7pzb9/image/upload/q_auto_eco,f_auto/v1741777465/1_ella_header_u9v8at.jpg]
[www.booksrilankataxi.com/things-do-in-ella-sri-lanka/style.css]
[www.booksrilankataxi.com/things-do-in-ella-sri-lanka/terms-and-conditions/index.html]
